// Vitest Snapshot v1, https://vitest.dev/guide/snapshot.html

exports[`CommentCell > shows preview without an editor 1`] = `
<div>
  <table>
    <tbody>
      <tr>
        <td
          class="tz-comment tz-comment-compact"
        >
          <div
            class="tz-comment-row"
          >
            <p
              class="tz-comment-text"
            >
              Уже есть
            </p>
            <span
              class="tz-comment-actions no-print"
            >
              <button
                class="tz-text-link"
                type="button"
              >
                изменить
              </button>
              <button
                class="tz-text-link"
                type="button"
              >
                история
              </button>
            </span>
          </div>
        </td>
      </tr>
    </tbody>
  </table>
</div>
`;
