// Vitest Snapshot v1, https://vitest.dev/guide/snapshot.html

exports[`CommentCell > shows preview without an editor 1`] = `
<div>
  <table>
    <tbody>
      <tr>
        <td
          class="tz-comment tz-comment-compact"
        >
          <p
            class="tz-comment-text"
          >
            Уже есть
          </p>
          <div
            class="tz-comment-actions no-print"
          >
            <button
              class="btn secondary sm"
              type="button"
            >
              Комментарий
            </button>
            <button
              class="btn secondary sm"
              type="button"
            >
              История
            </button>
          </div>
        </td>
      </tr>
    </tbody>
  </table>
</div>
`;
